---
source: crates/vesc-pkg-build/src/native_lib_audit_disassembly.rs
expression: redact_disassembly_for_snapshot(probe_disassembly)
---
<ext_rust_probe_diag_v4>:
  [ADDR]:	b580	push	{r7, lr}
  [ADDR]:	466f	mov	r7, sp
  [ADDR]:	f44f 702a	mov.w	r0, #680
  [ADDR]:	bd80	pop	{r7, pc}
  [ADDR]:	0000	movs	r0, r0
  [ADDR]:	0000	movs	r0, r0
  [ADDR]:	0000	movs	r0, r0
