---
source: crates/vescpkg-rs-build/tests/golden_packaging.rs
assertion_line: 38
expression: "format!(\"len={}\\nfingerprint={}\\nprobe_extension={}\", PACKAGE_LIB.len(),\nfingerprint_bytes(PACKAGE_LIB), payload_contains_probe_extension(PACKAGE_LIB))"
---
len=487
fingerprint=a42ec6142ee05204
probe_extension=true
