---
source: crates/vescpkg-rs-build/tests/native_lib_artifacts.rs
assertion_line: 103
expression: report
---
native_binary: left=loopback right=refloat
load_sections:
  .program_ptr: match size=4 vma=0x0
  .init_fun: match size=12 vma=0x4
  .data: left size=0 vma=0x10 right size=20 vma=0x10
  .got: left size=20 vma=0x10 right size=28 vma=0x24
  .text: left size=439 vma=0x30 right size=50441 vma=0x40
debug_sections:
  .debug_abbrev: right_only size=3749 vma=0x0
  .debug_aranges: right_only size=768 vma=0x0
  .debug_frame: left size=228 vma=0x0 right size=4068 vma=0x0
  .debug_info: right_only size=22624 vma=0x0
  .debug_line: right_only size=23009 vma=0x0
  .debug_ranges: right_only size=6088 vma=0x0
  .debug_str: right_only size=22972 vma=0x0
  .strtab: left size=286 vma=0x0 right size=6465 vma=0x0
  .symtab: left size=576 vma=0x0 right size=5424 vma=0x0
contract_symbols:
  ext_rust_probe_diag_v4: left_only
  init: both
  loopback_handle_app_data: left_only
  package_lib_init: both
  prog_ptr: both
  refloat_app_data_callback: right_only
  refloat_get_cfg: right_only
  refloat_get_cfg_xml: right_only
  refloat_set_cfg: right_only
  stop_callback: right_only
  stop_package: left_only
  vesc_clear_loopback_app_data_handler: left_only
  vesc_register_loopback_app_data_handler: left_only
defined_symbol_count: left=13 right=134
