---
source: crates/vescpkg-rs-build/tests/native_lib_artifacts.rs
expression: report
---
captured_refloat_baseline_mapping:
  package_lib: size=76245 sha256=43a6d16534d09738488e8cee0bed1b414be3dd2bc939a391cdc4488b00643f8f
  format: flat_native_payload
  symbols: unavailable captured package stores a flat native payload, not an ELF
  dwarf: unavailable captured package stores a flat native payload, not an ELF
  follow_up: compare against a rebuilt upstream C ELF with debug symbols
