---
source: crates/vesc-pkg/tests/native_lib_artifacts.rs
expression: report
---
symbols: init, _ZN13vesc_rust_poc19ble_loopback_device12stop_package17h322347e2fdb060d6E, package_lib_init
literal_pools: 0x28=0x1000f800, 0x2c=0x0000002e, 0x30=0x00000000, 0x34=0x00000031, 0x38=0x000001be, 0x58=0x1000f800, 0x70=0x1000f840, 0x90=0x1000fa54
init: push {r3, lr}; ldr r3, [pc, #0x24]; ldr r2, [pc, #0x24]; add r3, pc; ldr r3, [r3, r2]; ldr r3, [r3]; bl #0x190; ldr r3, [pc, #0x10]; ldr r1, [pc, #0x1c]; ldr r0, [pc, #0x1c]; ldr r3, [r3]; add r1, pc; add r0, pc; blx r3; movs r0, #1; pop {r3, pc}; nop ; strb.w r1, [r0, r0]; movs r6, r5; movs r0, r0; movs r0, r0; movs r0, r0; movs r1, r6; movs r0, r0; lsls r6, r7, #6; movs r0, r0
probe: 
stop: push {r7, lr}; mov r7, sp; ldr r0, [pc, #8]; ldr r1, [r0]; movs r0, #0; pop.w {r7, lr}; bx r1
